﻿
> pj02@0.0.0 build
> tsc -b && vite build

[36mvite v8.0.3 [32mbuilding client environment for production...[36m[39m
[2K
transforming...Ô£ô 2750 modules transformed.
rendering chunks...
computing gzip size...
dist/registerSW.js                             0.13 kB
dist/manifest.webmanifest                      0.39 kB
dist/index.html                                1.30 kB Ôöé gzip:   0.61 kB
dist/assets/index-CbFDiOBp.css                39.90 kB Ôöé gzip:   7.46 kB
dist/assets/utils-BEzOoQmC.js                  0.26 kB Ôöé gzip:   0.20 kB
dist/assets/Badge-pzU4_lPh.js                  0.31 kB Ôöé gzip:   0.26 kB
dist/assets/Card-Dkm8QXI4.js                   0.60 kB Ôöé gzip:   0.41 kB
dist/assets/Select-CQEHIm89.js                 1.19 kB Ôöé gzip:   0.60 kB
dist/assets/useTransactionStore-BmPLDQlH.js    2.60 kB Ôöé gzip:   1.11 kB
dist/assets/CategoriesPage-BXxEHIYt.js         5.60 kB Ôöé gzip:   1.96 kB
dist/assets/TransactionsPage-Bp9J_G4X.js       6.54 kB Ôöé gzip:   2.33 kB
dist/assets/CategoryIcon-CC47cGIM.js           7.33 kB Ôöé gzip:   3.23 kB
dist/assets/DashboardPage-bdpas-pK.js          9.32 kB Ôöé gzip:   3.64 kB
dist/assets/ReportsPage-DvqZsdXg.js           23.29 kB Ôöé gzip:   7.58 kB
dist/assets/index-BfZYWoEj.js                287.38 kB Ôöé gzip:  91.32 kB
dist/assets/BarChart-BxuxUkla.js             347.28 kB Ôöé gzip: 102.28 kB
dist/assets/useCategoryStore-B7xHdx45.js     928.22 kB Ôöé gzip: 243.70 kB

[32mÔ£ô built in 608ms[39m

PWA v1.2.0
mode      generateSW
precache  20 entries (1627.78 KiB)
files generated
  dist/sw.js
  dist/workbox-8c29f6e4.js
